WDR 1234567 55000 0000000 ***
WDR 1234567 55000 0000000 ***
EOS
